[   0.000000] Initializing cgroup subsys cpuset
[    0.000000] Initializing cgroup subsys cpu
[    0.000000] Initializing cgroup subsys cpuacct
[    0.000000] Linux version 4.4.0-134-generic (buildd@lgw01-amd64-033) (gcc version 5.4.0 20160609 (Ubuntu 5.4.0-6ubuntu1~16.04.10) ) #160-Ubuntu SMP Wed Aug 15 14:58:00 UTC 2018 (Ubntu 4.4.0-134.160-generic 4.4.140)
[    .000000] Command line: BOOT_IMAGE=/bot/vmliuz-4..0134-gnec root=LAELcludimg-rootfs ro console=tty1 console=ttyS0
[    0.000000] KERNEL supported cpus:
[    0.000000]   Intel GenuineIntel
[    0.000000]   AMD AuthenticAMD
[    0.000000]   Centaur CentaurHauls
[    0.000000] x86/fpu: xstate_offset[2]:  576, xstate_sizes[2]:  256
[    0.000000] x86pu Supporting XSAVE feature 0x0 '87 floin point regists'
[    0.000000] x86/fpu: Suporin XSAVE feture 0x02: 'SSE registers'
    0.000000] x86/fu:Supporting XSAV fatre 0x04: 'AVX rgisters'
[    0.000000] x86/fpu Enaedxstate featurs x7 context size s 832 bytes, using 'standard' format.
[    0.000000] e820: BIOS-provided physical RAM map:
[    0.000000] BIOS-e820: [mem 0x0000000000000000-0x00000000009fbf] sable
[    0.000000] BIOS-e820: [mem 0x000000000009fc00-0x000000000009ffff] reserved
[    0.000000] BIOS-e20: mem 0x00000000000f0000-0x00000000000fffff] reserved
[    0.000000] BIOS-e820: [mem 0x0000000000100000-0x000000003ffeffff] usable
[    0.000000] BIOS-e820: [mem 0x000000003fff0000-0x000000003fffffff] ACPI data
[    0.000000] BIOS-e820: [mem 0x00000000fec00000-0x00000000fec00fff] reserved
[    0.000000] BIOS-e820: [mem 0x00000000fee00000-0x00000000fee00fff] reserved
[    0.000000] BIOS-e820: [mem 0x00000000fffc0000-0x00000000ffffffff] reserved
[    0.000000] NX (Execute Disable) protection: active
[    0.000000] SMBIOS .5 present.
[   .00000] Hypervisor detected: VM
[    0.000000] e820: last_pfn = 0x3fff0 max_arch_pfn = 0x400000000
[    0.000000] MTRR: Disabled
[    0.000000] x86/PAT: MTRRs disabled, skipping PAT initialization too.
[    0.000000] CPU MTRRs all blank - virtualized system.
[    0.000000] x86/PAT: Configuration [0-7]: WB  WT  UC- UC  WB  WT  UC- UC  
[    0.000000] found SMP MP-table at [mem 0x0009fff0-0x0009ffff] mapped at [ffff88000009fff0]
[    0.000000] Scanning 1 areas for low memory corruption
[   0.00000] RAISK: [mem 0x3630c000-0x377dff
[    0.0000] ACPI:Ealytable cecsu verification disabled
[    0.000000] ACPI: RSDP 0x00000000000E0000 000024 (v02 VBOX  )
[    0.000000] ACPI: XSDT 0x000000003FFF0030 00003C (v01 VBOX   VBOXXSDT 00000001 ASL  00000061)
[    0.000000] ACPI: FACP 0x000000003FFF00F0 0000F4 (v04 VBOX  VOXACP 000000 ASL  000001)[    0.000000] ACPI: DSDT 0x000000003FFF0470 0021FF (v02 VBOX   VBOXBIOS 00000002 INTL 20100528)
[    0.000000] ACPI: FACS 0x000000003FFF0200 000040
[    0.000000] ACPI: FACS 0x000000003FFF0200 00040
[    0.000000] ACPI: APIC 0x000000003FFF0240 00005C (v02 VBOX   VBOXAPIC 00000001 ASL  00000061)
[   0.000000] ACI:SST 0x000000003FF0A0 0001CC (v01 VBOX   VBOXCPUT 00000002 INTL 20100528)
[    0.00000] NoNUA configurtin ound    0.000000] Faking a node at [mem 0x0000000000000000-0x0000003ffeffff]
[    0.000000] NODE_DATA(0) allocated [mem 0x3ffeb000-0x3ffeffff]
[    0.0000] vm-clock: Using msrs 4b564d01 and 4b564d00
[    0.00000 km-cloc: pu0, msr 0:3ffe3001, primarycp cock
[    0.000000] kvm-clock: using sched offset of 333358366 cycles
[    0.000000] clocksource: kvm-clock: mask: 0xffffffffffffffff max_cycles: 0x1cd42e4dffb, max_idle_ns: 881590591483 ns
[    0.000000] Zone ranges:
[    0.000000]   DMA      [mem 0x000000000001000-0x0000000000ffffff]
[    0.00000]   DMA32    [mem 0x0000000001000000-0x000000003ffeffff]
[    0.000000]   Normal   empty
[    0.00000]  Dvie   empty
[    000000] Movable zone start for each node
[    0.000000] Early memory node ranges
[    0.000000]   node   0: [mem 0x0000000000001000-0x000000000009efff]
[    0.000000]   nde   0: [m 00000000001000-0x000000003ffefff]
[   0.00000 Initmem setu nde0 [mem 0x00000000010000x0000003ffeffff]
[   .00000] ACPI: -Tmmer IO Prt 0x4008
[    0.000000] OAPIC[0]: pi_i 2, version 32, address 0xfec00000, GSI 0-23
[    0.000000] ACPI: INT_SRC_OVR (bus 0 bus_irq 0 global_irq 2 dfl dfl)
[    0.000000] ACPI: INT_SRC_OVR (bus 0 bus_irq 9 global_irq 9 low level)
[    0.000000] Using ACPI (MADT) for SMP configuratn nformaon
[    0.000000] mpoo: Allowing 2 CPUs, 0 hotplug CPUs
[    0.000000] PM: Registered nosave memory: [mem 0x00000000-0x00000fff]
[    0.000000] PM: Registered nosave memory: [mem 0x009f000xx0009ffff]
[    0.000000] M: Registered nosave memory [mem 0x000a0000-0x000effff]
[    0.000000] PM: Registered nosave memory: [mem 0x000f0000-0x000ffff]
[    0.000000] e820: [mem 0x40000000-0xfebfffff] available for PCI devices
[    0.000000] Booting paravirtualized kernel on KVM
[    0.000000] clksurce: reind-iffies: mask: 0xfffff max_cycles:0xffffffff, max_idle_ns: 7645519600211568ns
[    0.000000] setup_percpu: NR_CPUS:512 nr_cpumask_bits:512 nr_cpu_ids:2 nr_node_ids:1
[    0.000000] PERCPU: Embedded 34 pagespu@ffff88003f0000s99544 r8192 d31528 u1048576
[    0.000000] PV qspinlock hash table entries: 256 (order: 0, 406 yts)
[    0.00000] Bult1 zonelists in Node oer mobility grouping on.  Total pages: 257912
[    0.000000] Policy zone: DMA32
[    0.000000] Kernel comman lne BOOT_IMA=/boot/vmlinuz4.4.0-34geeric root=LABEL=cloudimg-roofsro console=tty1console=tyS
    0.000000] PID hash tle entries: 4096 (order: 3, 32768 bytes)
[    0.000000] Memory: 997724K/1048120K available (8554K kernel code, 1314K rwdata, 4004K rodata, 1516K init, 1316K bss, 50396K reserved,0K cmaesrved)
[   .000000] SLB:HWalgn=64 Order=0-3, MinObjects=0, CPUs=2, Nodes=1
[    0.000000] Kernel/User page tables isolation: enabled
[    0.000000] Hierarchical RCU implementation.
[    0.000000] 	Build-time adjustment of leaf fanout to 64.
[    0.000000] 	RCU restricting CPUs from NR_CPUS=512 to nr_cpu_ids=2.
[    0.000000] RCU: Adjusting geometry for rcu_fanout_leaf=64, nr_cpu_ids=2
[    0.000000] NR_IRQS:33024 nr_irqs:440 16
[    0.000000] Console: colour VGA+ 80x25
[    0.000000] console [tty1] enabled
[    0.000000] console [ttyS0] enabled
[    0.000000] tsc: Detected 1599.999 MHz processor
[   4.551511] Calibrating delay loop (skipped) preset value.. 3199.99 BogoMIPS (lpj=6399996)
[    4.569704] pid_max: default: 32768 minimum: 301
[    4.571142] ACPI: Core revision 20150930
[    4.581616] ACPI: 2 ACPI AML tables successfully acquired and loaded
[    4.583563] Security Framework initialized
[    4.584682] Yama: becoming mindful.
[    4.585808] AppArmor: AppArmor initialized
[    4.587117] Dentry cache hash table entries: 131072 (order: 8, 1048576 bytes)
[    4.591308] Inode-cache hash table entries: 65536 (order: 7, 524288 bytes)
[    4.599946] Mount-cache hash table entries: 2048 (order: 2, 16384 bytes)
[    4.626976] Mountpoint-cache hash table entries: 2048 (order: 2, 16384 bytes)
[    4.636064] Initializing cgroup subsys io
[    4.647170] Initializing cgroup subsys memory
[    4.654193] Initializing cgroup subsys devices
[    4.704577] Initializing cgroup subsys freezer
[    4.723506] Initializing cgroup subsys net_cls
[    4.746011] Initializing cgroup subsys perf_event
[    4.747565] Initializing cgroup subsys net_prio
[    4.750101] Initializing cgroup subsys hugetlb
[    4.755516] Initializing cgroup subsys pids
[    4.768120] mce: CPU supports 0 MCE banks
[    4.783147] Last level iTLB entries: 4KB 64, 2MB 8, 4MB 8
[    4.787565] Last level dTLB entries: 4KB 64, 2MB 0, 4MB 0, 1GB 4
[    4.789095] Spectre V2 : Mitigation: Full generic retpoline
[    4.815494] Spectre V2 : Speculation control IBPB not-supported IBRS not-supported
[    4.856003] Speculative Store Bypass: Vulnerable
[    4.878599] Freeing SMP alternatives memory: 32K
[    4.916816] ftrace: allocating 32266 entries in 127 pages
[    5.026342] smpboot: APIC(0) Converting physical 0 to logical package 0
[    5.069800] smpboot: Max logical packages: 1
[    5.087089] x2apic enabled
[    5.107604] Switched APIC routing to physical x2apic.
[    5.156870] ..TIMER: vector=0x30 apic1=0 pin1=2 apic2=-1 pin2=-1
[    5.286833] smpboot: CPU0: Intel(R) Core(TM) i5-5250U CPU @ 1.60GHz (family: 0x6, model: 0x3d, stepping: 0x4)
[    5.315490] Performance Events: unsupported p6 CPU model 61 no PMU driver, software events only.
[    5.318078] KVM setup paravirtual spinlock
[    5.328193] x86: Booting SMP configuration:
[    5.355443] .... node  #0, CPUs:      #1
[    5.372178] kvm-clock: cpu 1, msr 0:3ffe3041, secondary cpu clock
[    5.389208] mce: CPU supports 0 MCE banks
[    5.392613] x86: Booted up 1 node, 2 CPUs
[    5.408214] smpboot: Total of 2 processors activated (6399.99 BogoMIPS)
[    5.427922] devtmpfs: initialized
[    5.453743] evm: security.selinux
[    5.471848] evm: security.SMACK64
[    5.474948] evm: security.SMACK64EXEC
[    5.486314] evm: security.SMACK64TRANSMUTE
[    5.487808] evm: security.SMACK64MMAP
[    5.506562] evm: security.ima
[    5.523472] evm: security.capability
[    5.531131] clocksource: jiffies: mask: 0xffffffff max_cycles: 0xffffffff, max_idle_ns: 7645041785100000 ns
[    5.582344] futex hash table entries: 512 (order: 3, 32768 bytes)
[    5.615837] pinctrl core: initialized pinctrl subsystem
[    5.629697] RTC time: 13:43:14, date: 09/13/18
[    5.646683] NET: Registered protocol family 16
[    5.667914] cpuidle: using governor ladder
[    5.683733] cpuidle: using governor menu
[    5.687846] PCCT header not found.
[    5.689372] ACPI: bus type PCI registered
[    5.696833] acpiphp: ACPI Hot Plug PCI Controller Driver version: 0.5
[    5.705303] PCI: Using configuration type 1 for base access
[    5.731154] ACPI: Added _OSI(Module Device)
[    5.737992] ACPI: Added _OSI(Processor Device)
[    5.745804] ACPI: Added _OSI(3.0 _SCP Extensions)
[    5.751139] ACPI: Added _OSI(Processor Aggregator Device)
[    5.762002] ACPI: Executed 1 blocks of module-level executable AML code
[    5.785523] ACPI: Interpreter enabled
[    5.791006] ACPI: (supports S0 S5)
[    5.794882] ACPI: Using IOAPIC for interrupt routing
[    5.796418] PCI: Using host bridge windows from ACPI; if necessary, use "pci=nocrs" and report a bug
[    5.806223] ACPI: PCI Root Bridge [PCI0] (domain 0000 [bus 00-ff])
[    5.808556] acpi PNP0A03:00: _OSC: OS supports [ASPM ClockPM Segments MSI]
[    5.818410] acpi PNP0A03:00: _OSC: not requesting OS control; OS requires [ExtendedConfig ASPM ClockPM MSI]
[    5.840118] acpi PNP0A03:00: fail to add MMCONFIG information, can't access extended PCI configuration space under this bridge.
[    5.864287] PCI host bridge to bus 0000:00
[    5.876076] pci_bus 0000:00: root bus resource [io  0x0000-0x0cf7 window]
[    5.878188] pci_bus 0000:00: root bus resource [io  0x0d00-0xffff window]
[    5.882392] pci_bus 0000:00: root bus resource [mem 0x000a0000-0x000bffff window]
[    5.908134] pci_bus 0000:00: root bus resource [mem 0x40000000-0xfdffffff window]
[    5.930402] pci_bus 0000:00: root bus resource [bus 00-ff]
[    5.942901] pci 0000:00:01.1: legacy IDE quirk: reg 0x10: [io  0x01f0-0x01f7]
[    5.962412] pci 0000:00:01.1: legacy IDE quirk: reg 0x14: [io  0x03f6]
[    5.984303] pci 0000:00:01.1: legacy IDE quirk: reg 0x18: [io  0x0170-0x0177]
[    6.008651] pci 0000:00:01.1: legacy IDE quirk: reg 0x1c: [io  0x0376]
[    6.038579] pci 0000:00:07.0: quirk: [io  0x4000-0x403f] claimed by PIIX4 ACPI
[    6.089884] pci 0000:00:07.0: quirk: [io  0x4100-0x410f] claimed by PIIX4 SMB
[    6.112507] ACPI: PCI Interrupt Link [LNKA] (IRQs 5 9 10 *11)
[    6.130061] ACPI: PCI Interrupt Link [LNKB] (IRQs 5 9 *10 11)
[    6.143669] ACPI: PCI Interrupt Link [LNKC] (IRQs 5 *9 10 11)
[    6.145718] ACPI: PCI Interrupt Link [LNKD] (IRQs 5 9 10 *11)
[    6.160194] ACPI: Enabled 2 GPEs in block 00 to 07
[    6.164039] vgaarb: setting as boot device: PCI:0000:00:02.0
[    6.174934] vgaarb: device added: PCI:0000:00:02.0,decodes=io+mem,owns=io+mem,locks=none
[    6.210113] vgaarb: loaded
[    6.218390] vgaarb: bridge control possible 0000:00:02.0
[    6.236545] SCSI subsystem initialized
[    6.239535] ACPI: bus type USB registered
[    6.251949] usbcore: registered new interface driver usbfs
[    6.263167] usbcore: registered new interface driver hub
[    6.283730] usbcore: registered new device driver usb
[    6.318447] PCI: Using ACPI for IRQ routing
[    6.329251] NetLabel: Initializing
[    6.342398] NetLabel:  domain hash size = 128
[    6.363952] NetLabel:  protocols = UNLABELED CIPSOv4
[    6.376750] NetLabel:  unlabeled traffic allowed by default
[    6.391228] amd_nb: Cannot enumerate AMD northbridges
[    6.423485] clocksource: Switched to clocksource kvm-clock
[    6.467619]ApAror ApArmor Flesystem Enabled
[   .6539]pn: nP ACPI init
[    6.838011] pnp: PnP ACPI: found 3 devices

[    6.852151] clocksource: acpi_pm: mask: 0xffffff max_ycles: 0xffffff, max_idle_ns: 2085701024 ns
[    6.897674] NET: Registeredprotocol family 2

[    6.933158] TC etablihe hashtable ntries: 19 (rdr:4,6536byes
   73639] CPbid ash table entes: 812 ordr:, 3172byes
[  7.940679] TCP: Hash tables configured (established 8192 bind 8192)
[    8.015698] UDPhash tble etries: 512 (rdr:2,1684byes)[   .3703]UD-Lit hash table entie: 512 (order: 2, 6384 bytes)
[   8.366]NET: Registered protocol fmiy 
   886869] ci0000:00:00.0: Limiting direct PCI/PCI transfers
[    9.027041] pci 0000:00:01.0: Activating ISA DMA hang workarounds
[    9.028739] Unpacking initramfs...

[    9.386525] Freeing initrd memory: 14792K
[    9.393443] RAPL PMU detected, API unit is 2^-32 Joules, 4 fixed counters 10737418240 ms ovfl timer
[    9.431707] hw unit of domain pp0-core 2^-0 Joules
[    9.447366] hw unit of domain package 2^-0 Joules
[    9.462482] hw unit of domain dram 2^-0 Joules
[    9.477103] hw unit of domain pp1-gpu 2^-0 Joules
[    9.484287] platform rtc_cmos: registered platform RTC device (no PNP device found)
[    9.506464] Scanning for low memory corruption every 60 seconds
[    9.512759] audit: initializing netlink subsys (disabled)
[    9.532782] audit: type=2000 audit(1536846197.976:1): initialized
[    9.534649] Initialise system trusted keyring
[    9.585417] HugeTLB registered 2 MB page size, pre-allocated 0 pages
[    9.618278] zbud: loaded
[    9.633502] VFS: Disk quotas dquot_6.6.0
[    9.640674] VFS: Dquot-cache hash table entries: 512 (order 0, 4096 bytes)
[    9.680877] squashfs: version 4.0 (2009/01/31) Phillip Lougher
[    9.750372] fuse init (API version 7.23)
[    9.780688] Key type big_key registered
[    9.809598] Allocating IMA MOK and blacklist keyrings.
[    9.825016] Key type asymmetric registered
[    9.833465] Asymmetric key parser 'x509' registered
[    9.834790] Block layer SCSI generic (bsg) driver version 0.4 loaded (major 249)
[    9.847076] io scheduler noop registered
[    9.849385] io scheduler deadline registered (default)
[    9.851250] io scheduler cfq registered
[    9.869339] pci_hotplug: PCI Hot Plug PCI Core version: 0.5
[    9.895736] pciehp: PCI Express Hot Plug Controller Driver version: 0.4
[    9.935216] ACPI: AC Adapter [AC] (off-line)
[    9.951953] input: Power Button as /devices/LNXSYSTM:00/LNXPWRBN:00/input/input0
[    9.986723] ACPI: Power Button [PWRF]
[   10.003554] input: Sleep Button as /devices/LNXSYSTM:00/LNXSLPBN:00/input/input1
[   10.020503] ACPI: Sleep Button [SLPF]
[   10.032595] GHES: HEST is not enabled!
[   10.037494] Serial: 8250/16550 driver, 32 ports, IRQ sharing enabled
[   10.037518] ACPI: Battery Slot [BAT0] (battery present)
[   10.118333] 00:02: ttyS0 at I/O 0x3f8 (irq = 4, base_baud = 115200) is a 16550A
[   10.160239] Linux agpgart interface v0.103
[   10.182519] loop: module loaded
[   10.184712] scsi host0: ata_piix
[   10.186046] scsi host1: ata_piix
[   10.187243] ata1: PATA max UDMA/33 cmd 0x1f0 ctl 0x3f6 bmdma 0xd000 irq 14
[   10.193772] ata2: PATA max UDMA/33 cmd 0x170 ctl 0x376 bmdma 0xd008 irq 15
[   10.201229] libphy: Fixed MDIO Bus: probed
[   10.205822] tun: Universal TUN/TAP device driver, 1.6
[   10.208844] tun: (C) 1999-2004 Max Krasnyansky <maxk@qualcomm.com>
[   10.214005] PPP generic driver version 2.4.2
[   10.231339] ehci_hcd: USB 2.0 'Enhanced' Host Controller (EHCI) Driver
[   10.238933] ehci-pci: EHCI PCI platform driver
[   10.242466] ehci-platform: EHCI generic platform driver
[   10.245987] ohci_hcd: USB 1.1 'Open' Host Controller (OHCI) Driver
[   10.258313] ohci-pci: OHCI PCI platform driver
[   10.262816] ohci-platform: OHCI generic platform driver
[   10.268612] uhci_hcd: USB Universal Host Controller Interface driver
[   10.278407] i8042: PNP: PS/2 Controller [PNP0303:PS2K,PNP0f03:PS2M] at 0x60,0x64 irq 1,12
[   10.300858] serio: i8042 KBD port at 0x60,0x64 irq 1
[   10.318514] serio: i8042 AUX port at 0x60,0x64 irq 12
[   10.328407] mousedev: PS/2 mouse device common for all mice
[   10.330667] rtc_cmos rtc_cmos: rtc core: registered rtc_cmos as rtc0
[   10.366715] rtc_cmos rtc_cmos: alarms up to one day, 114 bytes nvram
[   10.381383] input: AT Translated Set 2 keyboard as /devices/platform/i8042/serio0/input/input2
[   10.383946] i2c /dev entries driver
[   10.403155] device-mapper: uevent: version 1.0.3
[   10.439607] device-mapper: ioctl: 4.34.0-ioctl (2015-10-28) initialised: dm-devel@redhat.com
[   10.486561] tsc: Refined TSC clocksource calibration: 1599.416 MHz
[   10.504081] clocksource: tsc: mask: 0xffffffffffffffff max_cycles: 0x170dfd46e6a, max_idle_ns: 440795269334 ns
[   10.504155] ledtrig-cpu: registered to indicate activity on CPUs
[   10.504547] NET: Registered protocol family 10
[   10.504711] NET: Registered protocol family 17
[   10.504723] Key type dns_resolver registered
[   10.555859] registered taskstats version 1
[   10.555877] Loading compiled-in X.509 certificates
[   10.556628] Loaded X.509 cert 'Build time autogenerated kernel key: 4eb3d024ac16f76c1747ffd474694c84db21038b'
[   10.556660] zswap: loaded using pool lzo/zbud
[   10.560670] Key type trusted registered
[   10.563942] Key type encrypted registered
[   10.563951] AppArmor: AppArmor sha1 policy hashing enabled
[   10.563954] ima: No TPM chip found, activating TPM-bypass!
[   10.563960] ima: Allocated hash algorithm: sha1
[   10.563976] evm: HMAC attrs: 0x1
[   10.564315]   Magic number: 2:59:736
[   10.565419] rtc_cmos rtc_cmos: setting system clock to 2018-09-13 13:43:19 UTC (1536846199)
[   10.565507] BIOS EDD facility v0.16 2004-Jun-25, 0 devices found
[   10.565508] EDD information not available.
[   10.857517] Freeing unused kernel memory: 1516K
[   10.895640] Write protecting the kernel read-only data: 14336k
[   11.653038] Freeing unused kernel memory: 1672K
[   12.184610] Freeing unused kernel memory: 92K
Loading, please wait...
starting version[   12.208525] random: systemd-udevd: uninitialized urandom read (16 bytes read, 7 bits of entropy available)
 229
[   12.210470] random: udevadm: uninitialized urandom read (16 bytes read, 7 bits of entropy available)
[   12.210518] random: udevadm: uninitialized urandom read (16 bytes read, 7 bits of entropy available)
[   12.220111] random: udevadm: uninitialized urandom read (16 bytes read, 7 bits of entropy available)
[   12.220160] random: udevadm: uninitialized urandom read (16 bytes read, 7 bits of entropy available)
[   12.220306] random: udevadm: uninitialized urandom read (16 bytes read, 7 bits of entropy available)
[   12.220359] random: udevadm: uninitialized urandom read (16 bytes read, 7 bits of entropy available)
[   12.220410] random: udevadm: uninitialized urandom read (16 bytes read, 7 bits of entropy available)
[   12.220462] random: udevadm: uninitialized urandom read (16 bytes read, 7 bits of entropy available)
[   12.220514] random: udevadm: uninitialized urandom read (16 bytes read, 7 bits of entropy available)
[   12.512307] e1000: Intel(R) PRO/1000 Network Driver - version 7.3.21-k8-NAPI
[   12.527233] e1000: Copyright (c) 1999-2006 Intel Corporation.
[   12.544579] Fusion MPT base driver 3.04.20
[   12.563589] Copyright (c) 1999-2008 LSI Corporation
[   12.616543] Fusion MPT SPI Host driver 3.04.20
[   12.657971] AVX2 version of gcm_enc/dec engaged.
[   12.669729] AES CTR mode by8 optimization enabled
[   12.818737] input: ImExPS/2 Generic Explorer Mouse as /devices/platform/i8042/serio1/input/input4
[   13.651580] e1000 0000:00:03.0 eth0: (PCI:33MHz:32-bit) 02:1d:76:b3:3c:fe
[   14.036356] e1000 0000:00:03.0 eth0: Intel(R) PRO/1000 Network Connection
[   14.655047] mptbase: ioc0: Initiating bringup
[   14.875976] ioc0: LSI53C1030 A0: Capabilities={Initiator}
[   16.638862] scsi host2: ioc0: LSI53C1030 A0, FwRev=00000000h, Ports=1, MaxQ=256, IRQ=20
[   16.849357] scsi 2:0:0:0: Direct-Access     VBOX     HARDDISK         1.0  PQ: 0 ANSI: 5
[   16.859919] scsi target2:0:0: Beginning Domain Validation
[   17.631755] scsi target2:0:0: Domain Validation skipping write tests
[   17.641642] scsi target2:0:0: Ending Domain Validation
[   17.651734] scsi target2:0:0: asynchronous
[   17.663711] scsi 2:0:1:0: Direct-Access     VBOX     HARDDISK         1.0  PQ: 0 ANSI: 5
[   17.686933] scsi target2:0:1: Beginning Domain Validation
[   17.690182] scsi target2:0:1: Domain Validation skipping write tests
[   17.702545] scsi target2:0:1: Ending Domain Validation
[   17.704126] scsi target2:0:1: asynchronous
[   17.729072] sd 2:0:0:0: Attached scsi generic sg0 type 0
[   17.742884] sd 2:0:0:0: [sda] 20971520 512-byte logical blocks: (10.7 GB/10.0 GiB)
[   17.761143] sd 2:0:1:0: [sdb] 20480 512-byte logical blocks: (10.5 MB/10.0 MiB)
[   17.770949] sd 2:0:1:0: Attached scsi generic sg1 type 0
[   17.776712] sd 2:0:0:0: [sda] Write Protect is off
[   17.779192] sd 2:0:0:0: [sda] Incomplete mode parameter data
[   17.781280] sd 2:0:0:0: [sda] Assuming drive cache: write through
[   17.784039] sd 2:0:1:0: [sdb] Write Protect is off
[   17.786439] sd 2:0:1:0: [sdb] Incomplete mode parameter data
[   17.794324] sd 2:0:1:0: [sdb] Assuming drive cache: write through
[   17.797995]  sda: sda1
[   17.800442] sd 2:0:0:0: [sda] Attached SCSI disk
[   17.816547] sd 2:0:1:0: [sdb] Attached SCSI disk
[   18.065806] e1000 0000:00:08.0 eth1: (PCI:33MHz:32-bit) 08:00:27:08:ce:94
[   18.067871] e1000 0000:00:08.0 eth1: Intel(R) PRO/1000 Network Connection
[   18.081000] e1000 0000:00:03.0 enp0s3: renamed from eth0
[   18.096110] e1000 0000:00:08.0 enp0s8: renamed from eth1
Begin: Loading essential drivers[   19.564052] md: linear personality registered for level -1
 ... [   19.576901] md: multipath personality registered for level -4
[   19.606670] md: raid0 personality registered for level 0
[   19.619444] md: raid1 personality registered for level 1
[   19.707590] raid6: sse2x1   gen()  5702 MB/s
[   19.785124] raid6: sse2x1   xor()  5972 MB/s
[   19.855856] raid6: sse2x2   gen()  9148 MB/s
[   19.927720] raid6: sse2x2   xor()  5053 MB/s
[   19.999930] raid6: sse2x4   gen()  8782 MB/s
[   20.071552] raid6: sse2x4   xor()  6584 MB/s
[   20.168062] raid6: avx2x1   gen() 13242 MB/s
[   20.271534] raid6: avx2x2   gen() 17996 MB/s
[   20.367794] raid6: avx2x4   gen() 18851 MB/s
[   20.369031] raid6: using algorithm avx2x4 gen() 18851 MB/s
[   20.382051] raid6: using avx2x2 recovery algorithm
[   20.389634] xor: automatically using best checksumming function:
[   20.460046]    avx       : 19923.000 MB/sec
[   20.464537] async_tx: api initialized (async)
[   20.499981] md: raid6 personality registered for level 6
[   20.515791] md: raid5 personality registered for level 5
[   20.530797] md: raid4 personality registered for level 4
[   20.549138] md: raid10 personality registered for level 10
done.
Begin: Running /scripts/init-premount ... done.[   20.611981] Btrfs loaded

Begin: Mounting root file syste[   20.677209] EXT4-fs (sda1): mounted filesystem with ordered data mode. Opts: (null)
m ... Begin: Running /scripts/local-top ... done.
Begin: Running /scripts/local-premount ... Scanning for Btrfs filesystems
done.
Warning: fsck not present, so skipping root file system
done.
Begin: Running /scripts/local-bottom ... done.
Begin: Running /scripts/init-bottom ... done.
[   20.848004] systemd[1]: systemd 229 running in system mode. (+PAM +AUDIT +SELINUX +IMA +APPARMOR +SMACK +SYSVINIT +UTMP +LIBCRYPTSETUP +GCRYPT +GNUTLS +ACL +XZ -LZ4 +SECCOMP +BLKID +ELFUTILS +KMOD -IDN)
[   20.960064] systemd[1]: Detected virtualization oracle.
[   20.961567] systemd[1]: Detected architecture x86-64.

Welcome to [1mUbuntu 16.04.5 LTS[0m!

[   20.972237] systemd[1]: Set hostname to <ubuntu>.
[   20.976483] systemd[1]: Initializing machine ID from random generator.
[   20.989354] systemd[1]: Installed transient /etc/machine-id file.
[   21.140578] systemd[1]: Set up automount Arbitrary Executable File Formats File System Automount Point.
[[0;32m  OK  [0m] Set up automount Arbitrary Executab...ats File System Automount Point.
[   21.284112] systemd[1]: Listening on LVM2 metadata daemon socket.
[[0;32m  OK  [0m] Listening on LVM2 metadata daemon socket.
[   21.331743] systemd[1]: Started Trigger resolvconf update for networkd DNS.
[[0;32m  OK  [0m] Started Trigger resolvconf update for networkd DNS.
[   21.368471] systemd[1]: Listening on Journal Socket.
[[0;32m  OK  [0m] Listening on Journal Socket.
[   21.392769] systemd[1]: Listening on Journal Socket (/dev/log).
[[0;32m  OK  [0m] Listening on Journal Socket (/dev/log).
[   21.424790] systemd[1]: Reached target System Time Synchronized.
[[0;32m  OK  [0m] Reached target System Time Synchronized.
[   21.500164] systemd[1]: Listening on Journal Audit Socket.
[[0;32m  OK  [0m] Listening on Journal Audit Socket.
[   21.553336] systemd[1]: Created slice System Slice.
[[0;32m  OK  [0m] Created slice System Slice.
[   21.600189] systemd[1]: Mounting Debug File System...
         Mounting Debug File System...
[   21.634936] systemd[1]: Listening on Syslog Socket.
[[0;32m  OK  [0m] Listening on Syslog Socket.
[   21.649272] systemd[1]: Reached target User and Group Name Lookups.
[[0;32m  OK  [0m] Reached target User and Group Name Lookups.
[   21.663333] systemd[1]: Listening on LVM2 poll daemon socket.
[[0;32m  OK  [0m] Listening on LVM2 poll daemon socket.
[   21.679780] systemd[1]: Reached target Swap.
[[0;32m  OK  [0m] Reached target Swap.
[   21.682091] systemd[1]: Created slice User and Session Slice.
[[0;32m  OK  [0m] Created slice User and Session Slice.
[   21.695812] systemd[1]: Reached target Encrypted Volumes.
[[0;32m  OK  [0m] Reached target Encrypted Volumes.
[   21.772392] systemd[1]: Starting Journal Service...
[   21.773182] random: nonblocking pool is initialized
         Starting Journal Service...
[   21.808568] systemd[1]: Listening on udev Kernel Socket.
[[0;32m  OK  [0m] Listening on udev Kernel Socket.
[   21.880548] systemd[1]: Starting Load Kernel Modules...
[   21.892669] Loading iSCSI transor cas v.087.

         Startin[   22.082634] iscsi: registered transport (tcp)
g Load Kernel Modules...
[   22.135938] systemd[1]: Started Forward Password Requests to Wall Directory Watch.
[   22.138212] iscsi: registered transport (iser)
[[0;32m  OK  [0m] Started Forward Password Requests to Wall Directory Watch.
[   22.144290] systemd[1]: Listening on udev Control Socket.
[[0;32m  OK  [0m] Listening on udev Control Socket.
[   22.220155] systemd[1]: Reached target Slices.
[[0;32m  OK  [0m] Reached target Slices.
[   22.260442] systemd[1]: Listening on Device-mapper event daemon FIFOs.
[[0;32m  OK  [0m] Listening on Device-mapper event daemon FIFOs.
[   22.368402] systemd[1]: Starting Monitoring of LVM2 mirrors, snapshots etc. using dmeventd or progress polling...
         Starting Monitoring of LVM2 mirrors... dmeventd or progress polling...
[   22.424486] systemd[1]: Starting Nameserver information manager...
         Starting Nameserver information manager...
[   22.453844] systemd[1]: Mounting POSIX Message Queue File System...
         Mounting POSIX Message Queue File System...
[   22.495976] systemd[1]: Starting Remount Root and Kernel File Systems...
         Startin[   22.500413] EXT4-fs (sda1): re-mounted. Opts: (null)
g Remount Root and Kernel File Systems...
[   22.559893] systemd[1]: Starting Set console keymap...
         Starting Set console keymap...
[   22.566326] systemd[1]: Listening on /dev/initctl Compatibility Named Pipe.
[[0;32m  OK  [0m] Listening on /dev/initctl Compatibility Named Pipe.
[   22.575558] systemd[1]: Starting Uncomplicated firewall...
         Starting Uncomplicated firewall...
[   22.602631] systemd[1]: Starting Create list of required static device nodes for the current kernel...
         Starting Create list of required st... nodes for the current kernel...
[   22.655439] systemd[1]: Created slice system-serial\x2dgetty.slice.
[[0;32m  OK  [0m] Created slice system-serial\x2dgetty.slice.
[   22.716182] systemd[1]: Mounting Huge Pages File System...
         Mounting Huge Pages File System...
[   22.732149] systemd[1]: Mounted Debug File System.
[[0;32m  OK  [0m] Mounted Debug File System.
[   22.755913] systemd[1]: Mounted Huge Pages File System.
[[0;32m  OK  [0m] Mounted Huge Pages File System.
[   22.773705] systemd[1]: Mounted POSIX Message Queue File System.
[[0;32m  OK  [0m] Mounted POSIX Message Queue File System.
[   22.787962] systemd[1]: Started Journal Service.
[[0;32m  OK  [0m] Started Journal Service.
[[0;32m  OK  [0m] Started Load Kernel Modules.
[[0;32m  OK  [0m] Started Remount Root and Kernel File Systems.
[[0;32m  OK  [0m] Started Set console keymap.
[[0;32m  OK  [0m] Started Uncomplicated firewall.
[[0;32m  OK  [0m] Started Create list of required sta...ce nodes for the current kernel.
[[0;32m  OK  [0m] Started Nameserver information manager.
[[0;32m  OK  [0m] Started LVM2 metadata daemon.
         Starting Create Static Device Nodes in /dev...
         Starting Load/Save Random Seed...
         Starting udev Coldplug all Devices...
         Starting Apply Kernel Variables...
         Mounting FUSE Control File System...
         Starting Flush Journal to Persistent Storage...
[[0;32m  OK  [0m] Mounted FUSE Control File System.
[[0;32m  OK  [0m] Started Create Static Device Nodes in /dev.
[[0;32m  OK  [0m] Started Load/Save Random Seed.
[[0;32m  OK  [0m] Started Monitoring of LVM2 mirrors,...ng dmeventd or progress polling.
[[0;32m  OK  [0m] Started Apply Kernel Variables.
[[0;32m  OK  [0m] Started Flush Journal to Persistent Storage.
[[0;32m  OK  [0m] Started udev Coldplug all Devices.
         Starting udev Kernel Device Manager...
[[0;32m  OK  [0m] Started udev Kernel Device Manager.
[[0;32m  OK  [0m] Reached target Local File Systems (Pre).
[[0;32m  OK  [0m] Reached target Local File Systems.
         Starting Create Volatile Files and Directories...
         Starting Tell Plymouth To Write Out Runtime Data...
         Starting LSB: AppArmor initialization...
         Starting Initial cloud-init job (pre-networking)...
         Starting Commit a transient machine-id on disk...
         Starting Set console font and keymap...
[[0;32m  OK  [0m] Started Dispatch Password Requests to Console Directory Watch.
[[0;32m  OK  [0m] Started Create Volatile Files and Directories.
[[0;32m  OK  [0m] Started Tell Plymouth To Write Out Runtime Data.
         Starting Update UTMP about System Boot/Shutdown...
[[0;32m  OK  [0m] Started Commit a transient machine-id on disk.
[[0;32m  OK  [0m] Started Update UTMP about System Boot/Shutdown.
[[0;32m  OK  [0m] Found device /dev/ttyS0.
[[0;32m  OK  [0m] Listening on Load/Save RF Kill Switch Status /dev/rfkill Watch.
[[0;32m  OK  [0m] Started LSB: AppArmor initialization.
[   19.712830] cloud-init[486]: Cloud-init v. 18.3-9-g2e62cb8a-0ubuntu1~16.04.2 running 'init-local' at Thu, 13 Sep 2018 13:43:34 +0000. Up 19.30 seconds.
[[0;32m  OK  [0m] Started Initial cloud-init job (pre-networking).
[[0;32m  OK  [0m] Reached target Network (Pre).
         Starting Raise network interfaces...
[[0;32m  OK  [0m] Started Set console font and keymap.
[[0;32m  OK  [0m] Created slice system-getty.slice.
[[0;32m  OK  [0m] Started Raise network interfaces.
         Starting Initial cloud-init job (metadata service crawler)...
[[0;32m  OK  [0m] Reached target Network.
[   21.152885] cloud-init[943]: Cloud-init v. 18.3-9-g2e62cb8a-0ubuntu1~16.04.2 running 'init' at Thu, 13 Sep 2018 13:43:35 +0000. Up 20.52 seconds.
[   21.228500] [[0;32m  OK  [0m] Started Initial cloud-init job (metadata service crawler).
[[0;32m  OK  [0m] Reached target Network is Online.
cloud-init[943]: ci-info: ++++++++++++++++++++++++++++++++++++++Net device info+++++++++++++++++++++++++++++++++++++++
[   21.301514]          Starting iSCSI initiator daemon (iscsid)...
[[0;32m  OK  [0m] Reached target System Initialization.
[[0;32m  OK  [0m] Listening on UUID daemon activation socket.
[[0;32m  OK  [0m] Listening on D-Bus System Message Bus Socket.
cloud-init[943]: ci-info: +--------+-------+----------------------------+---------------+--------+-------------------+
[   21.466251] [[0;32m  OK  [0m] Started ACPI Events Check.
[[0;32m  OK  [0m] Reached target Paths.
[[0;32m  OK  [0m] Listening on ACPID Listen Socket.
[[0;32m  OK  [0m] Started Daily apt download activities.
cloud-init[943]: ci-info: | Device |   Up  |          Address           |      Mask     | Scope  |     Hw-Address    |
[   21.526163] [cloud-init[0;32m  OK  [0m[943]: ] ci-info: +--------+-------+----------------------------+---------------+--------+-------------------+Started Daily apt upgrade and clean activities.

[   21.633141]          Starting LXD - unix socket.
cloud-init[943]: ci-info: | enp0s3 |  True |         10.0.2.15          | 255.255.255.0 | global | 02:1d:76:b3:3c:fe |
[   21.742404]          Starting Socket activation for snappy daemon.
[[0;32m  OK  [0m] Started Daily Cleanup of Temporary Directories.
[[0;32m  OK  [0m] Reached target Timers.
cloud-init[943]: ci-info: | enp0s3 |  True | fe80::1d:76ff:feb3:3cfe/64 |       .       |  link  | 02:1d:76:b3:3c:fe |
[   21.766990] [cloud-init[0;32m  OK  [0m[943]: ] ci-info: | enp0s8 | False |             .              |       .       |   .    | 08:00:27:08:ce:94 |Reached target Cloud-config availability.

[   21.767720] cloud-init[943]: ci-info: |   lo   |  True |         127.0.0.1          |   255.0.0.0   |  host  |         .         |
[   21.876791] [[0;32m  OK  [0m] Listening on LXD - unix socket.
[[0;32m  OK  [0m] Listening on Socket activation for snappy daemon.
[[0;32m  OK  [0m] Started iSCSI initiator daemon (iscsid).
cloud-init[943]: ci-info: |   lo   |  True |          ::1/128           |       .       |  host  |         .         |
[   21.883566] cloud-init[943]: ci-info: +--------+-------+----------------------------+---------------+--------+-------------------+
[   21.917177]          cloud-initStarting Login to default iSCSI targets...[943]: 
ci-info: +++++++++++++++++++++++++++Route IPv4 info++++++++++++++++++++++++++++
[   21.987041] [[0;32m  OK  [0m] Reached target Sockets.
[[0;32m  OK  [0m] Reached target Basic System.
cloud-init[943]: ci-info: +-------+-------------+----------+---------------+-----------+-------+
[   21.991884] cloud-init[943]: ci-info: | Route | Destination | Gateway  |    Genmask    | Interface | Flags |
[[0;32m  OK  [0m] Started D-Bus System Message Bus.
[   22.037138] cloud-init[943]: ci-info: +-------+-------------+----------+---------------+-----------+-------+
[   22.092745]          cloud-initStarting LSB: MD monitoring daemon...[943]: 
ci-info: |   0   |   0.0.0.0   | 10.0.2.2 |    0.0.0.0    |   enp0s3  |   UG  |
[   22.132778]          Starting /etc/rc.local Compatibility...
cloud-init[943]: ci-info: |   1   |   10.0.2.0  | 0.0.0.0  | 255.255.255.0 |   enp0s3  |   U   |
[   22.147095] cloud-init[943]: ci-info: +-------+-------------+----------+---------------+-----------+-------+
         Starting Accounts Service...
[   22.151630] cloud-init[943]: ci-info: +++++++++++++++++++Route IPv6 info+++++++++++++++++++
[   22.180291] [cloud-init[0;32m  OK  [0m[943]: ] ci-info: +-------+-------------+---------+-----------+-------+Started Regular background program processing daemon.

[   22.181258] cloud-init[943]: ci-info: | Route | Destination | Gateway | Interface | Flags |
[   22.253727] cloud-init[943]: ci-info: +-------+-------------+---------+-----------+-------+
[[0;32m  OK  [0m] Started Deferred execution scheduler.
[   22.264873] cloud-init[943]: ci-info: |   0   |  fe80::/64  |    ::   |   enp0s3  |   U   |
[[0;32m  OK  [0m] Started FUSE filesystem for LXC.
[   22.311981] cloud-init[943]: ci-info: |   3   |   ff00::/8  |    ::   |   enp0s3  |   U   |
         Starting Virtualbox guest utils...
         Starting Login Service...
         Starting Pollinate to seed the pseudo random number generator...
[   22.359710] cloud-init[943]: ci-info: +-------+-------------+---------+-----------+-------+
[   22.385580]          cloud-initStarting System Logging Service...[943]: 
Generating public/private rsa key pair.
         Starting LXD - container startup/shutdown...
[[0;32m  OK  [0m] Started Unattended Upgrades Shutdown.
         Starting LSB: Record successful boot for GRUB...
         Starting Snappy daemon...
[[0;32m  OK  [0m] Started ACPI event daemon.
[[0;32m  OK  [0m] Started System Logging Service.
[   22.400570] cloud-init[943]: Your identification has been saved in /etc/ssh/ssh_host_rsa_key.
[   22.430331] cloud-init[943]: Your public key has been saved in /etc/ssh/ssh_host_rsa_key.pub.
[[0;32m  OK  [0m] Started /etc/rc.local Compatibility.
[   22.436492] cloud-init[943]: The key fingerprint is:
[   22.460902] cloud-init[943]: SHA256:Lj5nczx3ywmpoG+hrdqLKIEhL+2u/QdyG6a3Q/8k7yw root@ubuntu-xenial
[   22.484766] cloud-init[943]: The key's randomart image is:
[   22.542447] [cloud-init[0;32m  OK  [0m[943]: ] +---[RSA 2048]----+Started Login to default iSCSI targets.

[   22.543310] cloud-init[943]: |                 |
[   22.652833] [cloud-init[0;32m  OK  [0m[943]: ] |                 |Started LXD - container startup/shutdown.

[   22.654607] cloud-init[943]: |                 |
[   22.688764] cloud-init[943]: |o                |
[   22.716731] cloud-init[943]: |o+      S        |
[   22.738730] cloud-init[943]: |+ + *  ..    .   |
[[   22.808752] cloud-init[943]: | + * =oo+o  o    |
[0;32m  OK  [0m] Started LSB: MD monitoring daemon.
[   22.809569] cloud-init[943]: |..o.++EB*.+..o.. |
[   22.890875] cloud-init[943]: |.++o==*%*o.o .+. |
[   22.891595] cloud-init[943]: +----[SHA256]-----+
[[0;32m  OK  [0m] Started Snappy daemon.
[   22.892579] cloud-init[943]: Generating public/private dsa key pair.
[   22.936785] cloud-init[943]: Your identification has been saved in /etc/ssh/ssh_host_dsa_key.
[[0;32m  OK  [0m] Started Pollinate to seed the pseudo random number generator.
[   22.937959] cloud-init[943]: Your public key has been saved in /etc/ssh/ssh_host_dsa_key.pub.
[   22.985210] cloud-init[943]: The key fingerprint is:
[   22.990948] cloud-init[943]: SHA256:KatBceiYi/eWsnGC4dRjQ2+J4kFB37ZwWbZBEEssM1Y root@ubuntu-xenial
[   23.005268] cloud-init[943]: The key's randomart image is:
[   23.015208] cloud-init[943]: +---[DSA 1024]----+
[   23.017506] cloud-init[943]: |.o  oE+=         |
[   23.025636] cloud-init[943]: |  o=oo= o        |
[[0;32m  OK  [0m] Started LSB: Record successful boot for GRUB.
[   23.036728] cloud-init[943]: | ..+**..         |
[   23.047251] cloud-init[943]: |. o+*oo  .       |
[   23.056320] [[0;32m  OK  [0m] Started Virtualbox guest utils.
cloud-init[943]: |.+o*o=. S        |
[   23.065174] cloud-init[943]: |+++o+  o         |
[   23.090485] cloud-init[943]: |oo= o..          |
[   23.108466]          cloud-init[943]: | ..=oo           |
Starting Authenticate and Authorize Users to Run Privileged Tasks...
[   23.109857] cloud-init[943]: |  .+o            |
[   23.146610] cloud-init[943]: +----[SHA256]-----+
[   23.149347] cloud-init[943]: Generating public/private ecdsa key pair.
[   23.153182] cloud-init[943]: Your identification has been saved in /etc/ssh/ssh_host_ecdsa_key.
[   23.166223]          Starting OpenBSD Secure Shell server...
cloud-init[943]: Your public key has been saved in /etc/ssh/ssh_host_ecdsa_key.pub.
[   23.196442] cloud-init[943]: The key fingerprint is:
         Starting Wait until snapd is fully seeded...
[   23.197894] [cloud-init[0;32m  OK  [0m[943]: ] SHA256:Qzq7QmyPC8pkNva/1R6aYIm/3VKwFzMgfVJN4zey6Dk root@ubuntu-xenialReached target Remote File Systems (Pre).

[   23.210582] [[0;32m  OK  [0m] Reached target Remote File Systems.
cloud-init[943]: The key's randomart image is:
[   23.260342] cloud-init[943]: +---[ECDSA 256]---+
         Starting LSB: daemon to balance interrupts for SMP systems...
[   23.280404] cloud-init[943]: |      . ..oo     |
[   23.302390]          Starting LSB: automatic crash report generation...
         Starting LSB: Set the CPU Frequency Scaling governor to "ondemand"...
         Starting Permit User Sessions...
[[0;32m  OK  [0m] Started OpenBSD Secure Shell server.
[[0;32m  OK  [0m] Started Login Service.
[[0;32m  OK  [0m] Started Authenticate and Authorize Users to Run Privileged Tasks.
[[0;32m  OK  [0m] Started Accounts Service.
[[0;32m  OK  [0m] Started Permit User Sessions.
cloud-init[943]: |     . + ....    |
[   23.340985] cloud-init[943]: |      . =  o o   |
[   23.350557] cloud-init[943]: |       + +. + .  |
[   23.372729] cloud-init[943]: |   .  o S.+.     |
         Starting Hold until boot process finishes up...
[   23.416688] cloud-init[943]: |    = .+o+.      |
[   23.462748]          cloud-initStarting Terminate Plymouth Boot Screen...[943]: 
| *.+ *..oE       |
[[0;32m  OK  [0m] Started LSB: daemon to balance interrupts for SMP systems.
[   23.519846] [cloud-init[0;32m  OK  [0m[943]: ] |*.o.= =o= o      |Started LSB: automatic crash report generation.

[   23.629255] [[0;32m  OK  [0m] Started LSB: Set the CPU Frequency Scaling governor to "ondemand".
cloud-init[943]: |.. .oB++.o       |
[   23.682367] [[0;32m  OK  [0m] Started Hold until boot process finishes up.
[[0;32m  OK  [0m] Started Terminate Plymouth Boot Screen.
cloud-init[943]: +----[SHA256]-----+
[   23.689330] cloud-init[943]: Generating public/private ed25519 key pair.
[   23.694040] cloud-init[943]: Your identification has been saved in /etc/ssh/ssh_host_ed25519_key.
[   23.702334] cloud-init[943]: Your public key has been saved in /etc/ssh/ssh_host_ed25519_key.pub.
[   23.711417] cloud-init[943]: The key fingerprint is:
[[0;32m  OK  [0m] Created slice User Slice of vagrant.
[   23.712753] cloud-init[943]: SHA256:qUL3/s2m1F3fNxn6BeET1f4Q1nRLKTwYK4N25GR9r8g root@ubuntu-xenial
[   23.735032] cloud-init[943]: The key's randomart image is:
[   23.768860] cloud-init[943]: +--[ED25519 256]--+
[   23.784248] cloud-init[943]: |         +..+  +*|
         Starting User Manager for UID 1000...
[   23.793229] cloud-init[943]: |        *  o.=+o=|
[[0;32m  OK  [0m] Started Session 1 of user vagrant.
[   23.810011] cloud-init[943]: |       o = ...*+ |
         Starting Set console scheme...
[   23.825222] cloud-init[943]: |      . ..o  ..+.|
[[0;32m  OK  [0m] Started Serial Getty on ttyS0.
[   23.851307] cloud-init[943]: |    . . S . . =oo|
[   23.869949] cloud-init[943]: |   . . o   E o.+*|
[   23.876957] cloud-init[943]: |    . . . . ...o=|
[   23.878229] cloud-init[943]: |     . . . o. . +|
[[0;32m  OK  [0m] Started Getty on tty1.
[[   23.878785] cloud-init[943]: |        ..ooo  . |
[   23.962105] cloud-init[943]: +----[SHA256]-----+
[0;32m  OK  [0m] Reached target Login Prompts.
[[0;32m  OK  [0m] Started User Manager for UID 1000.
[[0;32m  OK  [0m] Started Set console scheme.
[[0;32m  OK  [0m] Started Wait until snapd is fully seeded.
[[0;32m  OK  [0m] Reached target Multi-User System.
[[0;32m  OK  [0m] Reached target Graphical Interface.
         Starting Update UTMP about System Runlevel Changes...
         Starting Apply the settings specified in cloud-config...
[[0;32m  OK  [0m] Started Update UTMP about System Runlevel Changes.
[   25.381633] cloud-init[1378]: Generating locales (this might take a while)...
         Stopping User Manager for UID 1000...
[[0;32m  OK  [0m] Stopped User Manager for UID 1000.
[[0;32m  OK  [0m] Removed slice User Slice of vagrant.
[[0;32m  OK  [0m] Created slice User Slice of vagrant.
         Starting User Manager for UID 1000...
[[0;32m  OK  [0m] Started Session 2 of user vagrant.
[[0;32m  OK  [0m] Started User Manager for UID 1000.
[   26.391231] cloud-init[1378]:   en_US.UTF-8... done
[   26.400510] cloud-init[1378]: Generation complete.
[   26.741535] cloud-init[1378]: Cloud-init v. 18.3-9-g2e62cb8a-0ubuntu1~16.04.2 running 'modules:config' at Thu, 13 Sep 2018 13:43:40 +0000. Up 25.24 seconds.
[[0;32m  OK  [0m] Started Apply the settings specified in cloud-config.
         Starting Execute cloud user/final scripts...
ci-info: no authorized ssh keys fingerprints found for user ubuntu.
<14>Sep 13 13:43:42 ec2: 
<14>Sep 13 13:43:42 ec2: #############################################################
<14>Sep 13 13:43:42 ec2: -----BEGIN SSH HOST KEY FINGERPRINTS-----
<14>Sep 13 13:43:42 ec2: 1024 SHA256:KatBceiYi/eWsnGC4dRjQ2+J4kFB37ZwWbZBEEssM1Y root@ubuntu-xenial (DSA)
<14>Sep 13 13:43:42 ec2: 256 SHA256:Qzq7QmyPC8pkNva/1R6aYIm/3VKwFzMgfVJN4zey6Dk root@ubuntu-xenial (ECDSA)
<14>Sep 13 13:43:42 ec2: 256 SHA256:qUL3/s2m1F3fNxn6BeET1f4Q1nRLKTwYK4N25GR9r8g root@ubuntu-xenial (ED25519)
<14>Sep 13 13:43:42 ec2: 2048 SHA256:Lj5nczx3ywmpoG+hrdqLKIEhL+2u/QdyG6a3Q/8k7yw root@ubuntu-xenial (RSA)
<14>Sep 13 13:43:42 ec2: -----END SSH HOST KEY FINGERPRINTS-----
<14>Sep 13 13:43:42 ec2: #############################################################
-----BEGIN SSH HOST KEY KEYS-----
ecdsa-sha2-nistp256 AAAAE2VjZHNhLXNoYTItbmlzdHAyNTYAAAAIbmlzdHAyNTYAAABBBBE/u6tj8jhOECMr7VF2kJl0Wz+CN3b2sPhrKuBBgZB5hQIoOQSQd6XxL0l0olbIbBzgLp1zjvtWdiTBYgKYom0= root@ubuntu-xenial
ssh-ed25519 AAAAC3NzaC1lZDI1NTE5AAAAICKI0//WWtjVap5LsI5dR3eT4ifuGIXaXSMk671u9Ecv root@ubuntu-xenial
ssh-rsa AAAAB3NzaC1yc2EAAAADAQABAAABAQDNSLmI4vKv679CgSfd5YHlxsagpI3lw5qUz8oQEBko19WC1+BG+dHaVe2UQ9a4QeSN6wGe3WIdricAv9tqfWxOXwA1HRqRfy4T3cEQ7w4QtaugNRs/MfjW4YpsxvYYNEGVe17qMTHkTLARdgKbAiLfUdIHzwP4C9WCuCig7ocYXwE5bV2DZ925LXqrxgrxdvoAOErfgSFNXdDFroA+VzwGQBY2q+1dKqKlXAUyvuYKZQB0ostfbq0rquC+5TtkOgKXQaaulkjUmGLCHHBLFGDNEUHQiZznGGYpT5CeFAri5uVc5exwVn6m1Mg1eJ9UsPqR534c75sWETpTj0PJqLV7 root@ubuntu-xenial
-----END SSH HOST KEY KEYS-----
[   28.307716] cloud-init[1569]: Cloud-init v. 18.3-9-g2e62cb8a-0ubuntu1~16.04.2 running 'modules:final' at Thu, 13 Sep 2018 13:43:41 +0000. Up 27.12 seconds.
[   28.369366] cloud-init[1569]: ci-info: no authorized ssh keys fingerprints found for user ubuntu.
[   28.370144] cloud-init[1569]: Cloud-init v. 18.3-9-g2e62cb8a-0ubuntu1~16.04.2 finished at Thu, 13 Sep 2018 13:43:43 +0000. Datasource DataSourceNoCloud [seed=/dev/sdb][dsmode=net].  Up 28.30 seconds
[[0;32m  OK  [0m] Started Execute cloud user/final scripts.
[[0;32m  OK  [0m] Reached target Cloud-init target.

Ubuntu 16.04.5 LTS ubuntu-xenial ttyS0

ubuntu-xenial login: 